sources:
    - Sources
include: []
content: Localization
locales: []
